// Vitest Snapshot v1, https://vitest.dev/guide/snapshot.html

exports[`App > Should render component 1`] = `
<main role="main">
  <div>
    <a href="https://vitejs.dev" target="_blank">
      <img alt="Vite logo" class="logo" src="/vite.svg">
    </a>
    <a href="https://vuejs.org/" target="_blank">
      <img alt="Vue logo" class="logo vue" src="/src/assets/vue.svg">
    </a>
  </div>
  <h1>Vite + Vue</h1>
  <div class="card">
    <mg-button type="button" variant="secondary">count is 0</mg-button>
    <mg-modal close-button="true" hide="true" modal-title="Modal title">
      <div slot="content">
        <mg-form ariarole="presentation" identifier="test">
          <p>Lorem ipsum dolor sit amet, consectetur adipiscing elit, sed do eiusmod tempor incididunt ut labore et dolore magna aliqua. Ut enim ad minim veniam, quis nostrud exercitation ullamco laboris nisi ut aliquip ex ea commodo consequat. Duis aute irure dolor in reprehenderit in voluptate velit esse cillum dolore eu fugiat nulla pariatur. Excepteur sint occaecat cupidatat non proident, sunt in culpa qui officia deserunt mollit anim id est laborum.</p>
        </mg-form>
      </div>
    </mg-modal>
    <p>Edit<code>components/HelloWorld.vue</code> to test HMR</p>
  </div>
  <p>Check out<a href="https://vuejs.org/guide/quick-start.html#local" target="_blank">create-vue</a>, the official Vue + Vite starter</p>
  <p>Install<a href="https://github.com/vuejs/language-tools" target="_blank">Volar</a>in your IDE for a better DX</p>
  <p class="read-the-docs">Click on the Vite and Vue logos to learn more</p>
</main>
`;
