// Vitest Snapshot v1, https://vitest.dev/guide/snapshot.html

exports[`App > Should render component 1`] = `
<main role="main">
  <h1>
    Vue 3 app
  </h1>
  <p>
    The purpose of this application is to ensure the integration of mg-components and styles into a Vue 3 app.
  </p>
  <mg-button
    type="button"
    variant="secondary"
  >
    count is 0
  </mg-button>
  <mg-modal
    close-button="true"
    hidden="true"
    modal-title="Modal title"
  >
    <p slot="content">
      Lorem ipsum dolor sit amet, consectetur adipiscing elit, sed do eiusmod tempor incididunt ut labore et dolore magna aliqua. Ut enim ad minim veniam, quis nostrud exercitation ullamco laboris nisi ut aliquip ex ea commodo consequat. Duis aute irure dolor in reprehenderit in voluptate velit esse cillum dolore eu fugiat nulla pariatur. Excepteur sint occaecat cupidatat non proident, sunt in culpa qui officia deserunt mollit anim id est laborum.
    </p>
  </mg-modal>
</main>
`;
